<?php return array (
  0 => 'Symfony\\Bundle\\FrameworkBundle\\Controller\\AbstractController',
  1 => 'App\\Controller\\AppointmentController',
  2 => 'App\\Controller\\BackController',
  3 => 'App\\Controller\\BilanController',
  4 => 'App\\Controller\\BlogController',
  5 => 'App\\Controller\\BonusUserController',
  6 => 'App\\Controller\\CommentsController',
  7 => 'App\\Controller\\DiagnosticRequestController',
  8 => 'App\\Controller\\HomeController',
  9 => 'App\\Controller\\MedicalRecordController',
  10 => 'App\\Controller\\MedsController',
  11 => 'App\\Controller\\PaymentController',
  12 => 'App\\Controller\\PrescriptionController',
  13 => 'App\\Controller\\QrController',
  14 => 'App\\Controller\\RegistrationController',
  15 => 'App\\Controller\\ResetPasswordController',
  16 => 'App\\Controller\\SecurityController',
  17 => 'App\\Controller\\StreamController',
  18 => 'App\\Controller\\StreamControllerPhpController',
  19 => 'App\\Controller\\TriDiagnosticController',
  20 => 'App\\Controller\\UserController',
  21 => 'App\\Entity\\Appointment',
  22 => 'App\\Entity\\Bilan',
  23 => 'App\\Entity\\Blog',
  24 => 'App\\Entity\\Comments',
  25 => 'App\\Entity\\DiagnosticRequest',
  26 => 'App\\Entity\\Dislike',
  27 => 'App\\Entity\\Likes',
  28 => 'App\\Entity\\MedicalRecord',
  29 => 'App\\Entity\\Meds',
  30 => 'App\\Entity\\MessageStream',
  31 => 'App\\Entity\\Notification',
  32 => 'App\\Entity\\Prescription',
  33 => 'App\\Entity\\ResetPasswordRequest',
  34 => 'App\\Entity\\Stream',
  35 => 'App\\Entity\\User',
  36 => 'CalendarBundle\\Controller\\CalendarController',
  37 => 'CalendarBundle\\Entity\\Event',
  38 => 'Doctrine\\Bundle\\DoctrineBundle\\Controller\\ProfilerController',
  39 => 'Doctrine\\ORM\\Cache\\Persister\\Entity\\AbstractEntityPersister',
  40 => 'Doctrine\\ORM\\Cache\\Persister\\Entity\\CachedEntityPersister',
  41 => 'Doctrine\\ORM\\Cache\\Persister\\Entity\\NonStrictReadWriteCachedEntityPersister',
  42 => 'Doctrine\\ORM\\Cache\\Persister\\Entity\\ReadOnlyCachedEntityPersister',
  43 => 'Doctrine\\ORM\\Cache\\Persister\\Entity\\ReadWriteCachedEntityPersister',
  44 => 'Doctrine\\ORM\\Persisters\\Entity\\AbstractEntityInheritancePersister',
  45 => 'Doctrine\\ORM\\Persisters\\Entity\\BasicEntityPersister',
  46 => 'Doctrine\\ORM\\Persisters\\Entity\\CachedPersisterContext',
  47 => 'Doctrine\\ORM\\Persisters\\Entity\\EntityPersister',
  48 => 'Doctrine\\ORM\\Persisters\\Entity\\JoinedSubclassPersister',
  49 => 'Doctrine\\ORM\\Persisters\\Entity\\SingleTablePersister',
  50 => 'Endroid\\QrCodeBundle\\Controller\\GenerateController',
  51 => 'SymfonyCasts\\Bundle\\ResetPassword\\Controller\\ResetPasswordControllerTrait',
  53 => 'Symfony\\Bundle\\FrameworkBundle\\Controller\\ControllerResolver',
  54 => 'Symfony\\Bundle\\FrameworkBundle\\Controller\\RedirectController',
  55 => 'Symfony\\Bundle\\FrameworkBundle\\Controller\\TemplateController',
  56 => 'Symfony\\Bundle\\WebProfilerBundle\\Controller\\ExceptionPanelController',
  57 => 'Symfony\\Bundle\\WebProfilerBundle\\Controller\\ProfilerController',
  58 => 'Symfony\\Bundle\\WebProfilerBundle\\Controller\\RouterController',
  59 => 'Symfony\\Component\\HttpKernel\\Controller\\ArgumentResolver',
  60 => 'Symfony\\Component\\HttpKernel\\Controller\\ArgumentResolverInterface',
  61 => 'Symfony\\Component\\HttpKernel\\Controller\\ArgumentResolver\\DefaultValueResolver',
  62 => 'Symfony\\Component\\HttpKernel\\Controller\\ArgumentResolver\\NotTaggedControllerValueResolver',
  63 => 'Symfony\\Component\\HttpKernel\\Controller\\ArgumentResolver\\RequestAttributeValueResolver',
  64 => 'Symfony\\Component\\HttpKernel\\Controller\\ArgumentResolver\\RequestValueResolver',
  65 => 'Symfony\\Component\\HttpKernel\\Controller\\ArgumentResolver\\ServiceValueResolver',
  66 => 'Symfony\\Component\\HttpKernel\\Controller\\ArgumentResolver\\SessionValueResolver',
  67 => 'Symfony\\Component\\HttpKernel\\Controller\\ArgumentResolver\\TraceableValueResolver',
  68 => 'Symfony\\Component\\HttpKernel\\Controller\\ArgumentResolver\\VariadicValueResolver',
  69 => 'Symfony\\Component\\HttpKernel\\Controller\\ArgumentValueResolverInterface',
  70 => 'Symfony\\Component\\HttpKernel\\Controller\\ContainerControllerResolver',
  71 => 'Symfony\\Component\\HttpKernel\\Controller\\ControllerReference',
  72 => 'Symfony\\Component\\HttpKernel\\Controller\\ControllerResolver',
  73 => 'Symfony\\Component\\HttpKernel\\Controller\\ControllerResolverInterface',
  74 => 'Symfony\\Component\\HttpKernel\\Controller\\ErrorController',
  75 => 'Symfony\\Component\\HttpKernel\\Controller\\TraceableArgumentResolver',
  76 => 'Symfony\\Component\\HttpKernel\\Controller\\TraceableControllerResolver',
  77 => 'Symfony\\Component\\Security\\Http\\Controller\\UserValueResolver',
  78 => 'Vich\\UploaderBundle\\Entity\\File',
);